// Jest Snapshot v1, https://goo.gl/fbAQLP

exports[`ResultLabel should match snapshot 1`] = `
<View
  style={
    {
      "alignItems": "baseline",
      "width": "80%",
    }
  }
>
  <View
    style={
      {
        "borderBottomColor": "#fd8c73",
        "borderBottomWidth": 2,
        "paddingBottom": 8,
      }
    }
  >
    <Text
      numberOfLines={1}
      style={
        {
          "fontWeight": "bold",
        }
      }
    />
  </View>
</View>
`;
