// Jest Snapshot v1, https://goo.gl/fbAQLP

exports[`AppLayout should match snapshot 1`] = `
<RNCSafeAreaView
  edges={
    {
      "bottom": "additive",
      "left": "additive",
      "right": "additive",
      "top": "additive",
    }
  }
  style={
    {
      "flex": 1,
      "gap": 16,
      "marginTop": 64,
      "paddingHorizontal": 16,
    }
  }
>
  <View />
</RNCSafeAreaView>
`;
