// Jest Snapshot v1, https://goo.gl/fbAQLP

exports[`UsersList should match snapshot 1`] = `
<RCTScrollView
  contentContainerStyle={
    {
      "gap": 8,
      "paddingBottom": 64,
    }
  }
  getItem={[Function]}
  getItemCount={[Function]}
  keyExtractor={[Function]}
  onContentSizeChange={[Function]}
  onLayout={[Function]}
  onMomentumScrollBegin={[Function]}
  onMomentumScrollEnd={[Function]}
  onScroll={[Function]}
  onScrollBeginDrag={[Function]}
  onScrollEndDrag={[Function]}
  removeClippedSubviews={false}
  renderItem={[Function]}
  scrollEventThrottle={0.0001}
  showsVerticalScrollIndicator={false}
  stickyHeaderIndices={[]}
  viewabilityConfigCallbackPairs={[]}
>
  <View />
</RCTScrollView>
`;
