// Jest Snapshot v1, https://goo.gl/fbAQLP

exports[`Input should match snapshot 1`] = `
<View
  style={
    {
      "gap": 8,
    }
  }
>
  <TextInput
    onBlur={[Function]}
    onChangeText={[MockFunction]}
    onFocus={[Function]}
    onSubmitEditing={[MockFunction]}
    placeholder=""
    selectionColor="#1f2329"
    style={
      [
        {
          "borderRadius": 6,
          "height": 40,
          "padding": 12,
        },
        {
          "backgroundColor": "#f6f8fa",
          "borderColor": "#d0d7de",
          "borderWidth": 1,
        },
      ]
    }
    value=""
  />
</View>
`;
